node.exe : Found 1 warning while 
optimizing generated CSS:
At C:\Program 
Files\nodejs\npx.ps1:29 char:3
+   & $NODE_EXE $NPX_CLI_JS $args
+   ~~~~~~~~~~~~~~~~~~~~~~~~~~~~~
    + CategoryInfo          : Not 
   Specified: (Found 1 warning..  
  . generated CSS::String) [],    
 RemoteException
    + FullyQualifiedErrorId : Nat 
   iveCommandError
 

[2mΓöé   --color-warning: 
#F59E0B;[22m
[2mΓöé }[22m
[2mΓöé[22m @import url('https://
fonts.googleapis.com/css2?family=P
layfair+Display:ital,wght@0,400;0,
500;0,600;0,700;0,800;1,400;1,500&
family=Inter:wght@300;400;500;600;
700&display=swap');
[2mΓöå[22m        
[33m[2m^--[22m @import rules 
must precede all rules aside from 
@charset and @layer 
statements[39m
[2mΓöå[22m
[2mΓöé * {[22m
[2mΓöé   margin: 0;[22m

[31mΓ£ù[39m Build failed in 
321ms
[31merror during build:
[31mCould not resolve 
"../../context/AuthContext" from 
"src/components/Common.jsx"[31m
file: [36mC:/Users/Devansh Aggarw
al/Desktop/MTA/frontend/src/compon
ents/Common.jsx[31m
    at getRollupError (file:///C:/
Users/Devansh%20Aggarwal/Desktop/M
TA/frontend/node_modules/rollup/di
st/es/shared/parseAst.js:402:41)
    at error (file:///C:/Users/Dev
ansh%20Aggarwal/Desktop/MTA/fronte
nd/node_modules/rollup/dist/es/sha
red/parseAst.js:398:42)
    at ModuleLoader.handleInvalidR
esolvedId (file:///C:/Users/Devans
h%20Aggarwal/Desktop/MTA/frontend/
node_modules/rollup/dist/es/shared
/node-entry.js:21710:24)
    at file:///C:/Users/Devansh%20
Aggarwal/Desktop/MTA/frontend/node
_modules/rollup/dist/es/shared/nod
e-entry.js:21670:26[39m
